Running compilation in directory "Y:\format-conversion-test-suite"...

No declaration file, running with defaults...

[info]	Heta compiler v0.12.1 is initialized for the platform "undefined"
[info]	Reading module of type "heta" from file "references\sbml-L3V2-3.5.0\master\01626\input.heta"...
[info]	Reading module of type "sbml" from file "cases\semantic\01626\01626-sbml-l3v2.xml"...
[error]	Q component does not exist which is not allowed for the "update" action.
[error]	R component does not exist which is not allowed for the "update" action.
[info]	Platform hash: ff67208b13be97bfd081b63b81e07a77961809806fe17a2b724fa05d9cc15b82
[info]	Setting references in elements, total length 96
[error]	Component "Q" is not found in space "nameless" as expected in expression: S [ode_]= Q + R;
[error]	Component "R" is not found in space "nameless" as expected in expression: S [ode_]= Q + R;
[error]	Component "Q" is not found in space "nameless" as expected in expression: maxdiff [maxcheck]= abs(Q - R);
[error]	Component "R" is not found in space "nameless" as expected in expression: maxdiff [maxcheck]= abs(Q - R);
[error]	Component "Q" is not found in space "nameless" as expected in DSwitcher: "maxcheck"
	abs(Q - R) > maxdiff;
[error]	Component "R" is not found in space "nameless" as expected in DSwitcher: "maxcheck"
	abs(Q - R) > maxdiff;
[info]	Checking for circular references in Records.
[warn]	Units checking and export were skipped because of errors in compilation.
Compilation ERROR! See logs.

