Running compilation in directory "Y:\format-conversion-test-suite"...

No declaration file, running with defaults...

[info]	Heta compiler v0.12.1 is initialized for the platform "undefined"
[info]	Reading module of type "heta" from file "results\sbml-L2V5-3.5.0\master\01491\input.heta"...
[info]	Reading module of type "sbml" from file "cases\semantic\01491\01491-sbml-l2v5.xml"...
[error]	my_plus0 Some of properties do not satisfy requirements for class "FunctionDef"
    1. /math must NOT have fewer than 1 characters
[error]	my_times0 Some of properties do not satisfy requirements for class "FunctionDef"
    1. /math must NOT have fewer than 1 characters
[error]	my_and0 Some of properties do not satisfy requirements for class "FunctionDef"
    1. /math must NOT have fewer than 1 characters
[error]	my_or0 Some of properties do not satisfy requirements for class "FunctionDef"
    1. /math must NOT have fewer than 1 characters
[error]	my_xor0 Some of properties do not satisfy requirements for class "FunctionDef"
    1. /math must NOT have fewer than 1 characters
[error]	id must not be a reserved word, got "e". Reserved words list: 
	 include, block, namespace, abstract, concrete, begin, end, NaN, Infinity, e, E, pi, PI, null
[error]	e component does not exist which is not allowed for the "update" action.
[info]	Platform hash: 1d2f7d995cde96c3f19a089d159aa05ffc2763cfb02cf6e68fccbf09ebbcecec
[info]	Setting references in elements, total length 92
[error]	FunctionDef "my_plus0" is not found as expected here: a { math: undefined };
[error]	FunctionDef "my_times0" is not found as expected here: b { math: undefined };
[error]	FunctionDef "my_and0" is not found as expected here: c { math: undefined };
[error]	FunctionDef "my_or0" is not found as expected here: d { math: undefined };
[info]	Checking for circular references in Records.
[warn]	Units checking and export were skipped because of errors in compilation.
Compilation ERROR! See logs.

