Running compilation in directory "Y:\format-conversion-test-suite"...

No declaration file, running with defaults...

[info]	Heta compiler v0.12.1 is initialized for the platform "undefined"
[info]	Reading module of type "heta" from file "references\sbml-L3V2-3.5.0\master\01453\input.heta"...
[info]	Reading module of type "sbml" from file "cases\semantic\01453\01453-sbml-l3v2.xml"...
[error]	A_sr1 component does not exist which is not allowed for the "update" action.
[error]	A_sr2 component does not exist which is not allowed for the "update" action.
[error]	B_sr1 component does not exist which is not allowed for the "update" action.
[error]	B_sr2 component does not exist which is not allowed for the "update" action.
[error]	A_sr1 component does not exist which is not allowed for the "update" action.
[error]	A_sr2 component does not exist which is not allowed for the "update" action.
[error]	B_sr1 component does not exist which is not allowed for the "update" action.
[error]	B_sr2 component does not exist which is not allowed for the "update" action.
[info]	Platform hash: f9d25daf727f2a6f0674ef1e0e838f457834be5c23396afcb6dc4570b0dee589
[info]	Setting references in elements, total length 86
[error]	A_sr1_proc Property "actors[0].target" has lost reference "A_sr1".
[error]	A_sr2_proc Property "actors[0].target" has lost reference "A_sr2".
[error]	B_sr1_proc Property "actors[0].target" has lost reference "B_sr1".
[error]	B_sr2_proc Property "actors[0].target" has lost reference "B_sr2".
[info]	Checking for circular references in Records.
[warn]	Units checking and export were skipped because of errors in compilation.
Compilation ERROR! See logs.

